<?xml version="1.0" encoding="UTF-8"?>
<testsuites name="jest tests" tests="24" failures="0" errors="0" time="0.499">
  <testsuite name="Validate Invalid Acls" errors="0" failures="0" skipped="0" timestamp="2024-10-07T14:34:45" time="0.453" tests="24">
    <testcase classname="Validate Invalid Acls Should throw an error because format of notAvali:dacl1:* is invalid" name="Validate Invalid Acls Should throw an error because format of notAvali:dacl1:* is invalid" time="0.006">
    </testcase>
    <testcase classname="Validate Invalid Acls Should throw an error because format of Not!formatedCorrectly. is invalid" name="Validate Invalid Acls Should throw an error because format of Not!formatedCorrectly. is invalid" time="0">
    </testcase>
    <testcase classname="Validate Invalid Acls Should throw an error because format of Iam:almost:*correct is invalid" name="Validate Invalid Acls Should throw an error because format of Iam:almost:*correct is invalid" time="0">
    </testcase>
    <testcase classname="Validate Invalid Acls Should throw an error because competency:competencies:getAll has an incorrect action" name="Validate Invalid Acls Should throw an error because competency:competencies:getAll has an incorrect action" time="0">
    </testcase>
    <testcase classname="Validate Invalid Acls Should throw an error because competency:services:get* has an incorrect module" name="Validate Invalid Acls Should throw an error because competency:services:get* has an incorrect module" time="0.001">
    </testcase>
    <testcase classname="Validate Invalid Acls Should throw an error because hello:competencies:get* has an incorrect service" name="Validate Invalid Acls Should throw an error because hello:competencies:get* has an incorrect service" time="0">
    </testcase>
    <testcase classname="Validate Invalid Acls Should throw an error because competency:actor:getAll has an incorrect action" name="Validate Invalid Acls Should throw an error because competency:actor:getAll has an incorrect action" time="0">
    </testcase>
    <testcase classname="Validate Valid Acls Should return an array for competency:competencies:create" name="Validate Valid Acls Should return an array for competency:competencies:create" time="0">
    </testcase>
    <testcase classname="Validate Valid Acls Should return an array for competency:actor:*" name="Validate Valid Acls Should return an array for competency:actor:*" time="0">
    </testcase>
    <testcase classname="Validate Valid Acls Should return an array for competency:name:*" name="Validate Valid Acls Should return an array for competency:name:*" time="0">
    </testcase>
    <testcase classname="Validate Valid Acls Should return an array for competency:competencies:*" name="Validate Valid Acls Should return an array for competency:competencies:*" time="0">
    </testcase>
    <testcase classname="Validate Valid Acls Should return an array for competency:competencies:get*" name="Validate Valid Acls Should return an array for competency:competencies:get*" time="0">
    </testcase>
    <testcase classname="Validate Arrays of Acls Should throw an error because the array contains an invalid acl" name="Validate Arrays of Acls Should throw an error because the array contains an invalid acl" time="0">
    </testcase>
    <testcase classname="Validate Arrays of Acls Should return an array that matches the array given" name="Validate Arrays of Acls Should return an array that matches the array given" time="0">
    </testcase>
    <testcase classname="Validate Arrays of Acls Should return an array that expands wildcards" name="Validate Arrays of Acls Should return an array that expands wildcards" time="0">
    </testcase>
    <testcase classname="Validate Arrays of Acls Should return an array with duplicates removed" name="Validate Arrays of Acls Should return an array with duplicates removed" time="0">
    </testcase>
    <testcase classname="Validate Arrays of Acls Should return an empty array given an empty array" name="Validate Arrays of Acls Should return an empty array given an empty array" time="0">
    </testcase>
    <testcase classname="Condense an Array of Acls Should return a condensed array given a large array of acls" name="Condense an Array of Acls Should return a condensed array given a large array of acls" time="0.001">
    </testcase>
    <testcase classname="Condense an Array of Acls Should return a partially condensed array given a large array of acls" name="Condense an Array of Acls Should return a partially condensed array given a large array of acls" time="0">
    </testcase>
    <testcase classname="Condense an Array of Acls Should return the get wildcard from an array of get permissions" name="Condense an Array of Acls Should return the get wildcard from an array of get permissions" time="0">
    </testcase>
    <testcase classname="Condense an Array of Acls Should return a get wilcard plus the other permissions" name="Condense an Array of Acls Should return a get wilcard plus the other permissions" time="0.001">
    </testcase>
    <testcase classname="Condense an Array of Acls Should return competency:competencies:* given all competencies permissions" name="Condense an Array of Acls Should return competency:competencies:* given all competencies permissions" time="0">
    </testcase>
    <testcase classname="Condense an Array of Acls Should return a the same array since it could not be condensed" name="Condense an Array of Acls Should return a the same array since it could not be condensed" time="0">
    </testcase>
    <testcase classname="Condense an Array of Acls Should thrown an error for a poorly formatted acl" name="Condense an Array of Acls Should thrown an error for a poorly formatted acl" time="0">
    </testcase>
  </testsuite>
</testsuites>